[arindamchat.wordpress.com/index.html]
[backblue.gif]
[fade.gif]
[index.html]
[s0.wp.com/wp-content/mu-plugins/global-print/global-print6805.css]
[arindamchat.wordpress.com/feed/index.html]
[s1.wp.com/wp-content/mu-plugins/highlander-comments/style0196.css]
[arindamchat.wordpress.com/comments/feed/index.html]
[arindamchat.wordpress.com/xmlrpc0db0.php]
[s2.wp.com/_static/index1331.html]
[arindamchat.wordpress.com/osd.xml]
[defaultcustomheadersdata.files.wordpress.com/2016/07/blurc41b.jpg]
[arindamchat.wordpress.com/indexdd8f.html]
[0.gravatar.com/js/gprofiles12f0.js]
[arindamchat.wordpress.com/category/fast/index.html]
[arindamchat.wordpress.com/category/azure/index.html]
[arindamchat.wordpress.com/category/sharepoint/index.html]
[s1.wp.com/wp-content/mu-plugins/gravatar-hovercards/wpgrohoc3b6.js]
[arindamchat.wordpress.com/category/sharepoint/sharepoint-2013/index.html]
[arindamchat.wordpress.com/category/sharepoint/sharepoint-2016/index.html]
[s1.wp.com/wp-content/mu-plugins/carousel/jetpack-carouselaccd.css]
[arindamchat.wordpress.com/category/sharepoint/sharepoint-2010/index.html]
[s1.wp.com/wp-content/mu-plugins/tiled-gallery/tiled-galleryf830.css]
[platform.twitter.com/widgets4443.js]
[arindamchat.wordpress.com/category/net/index.html]
[arindamchat.wordpress.com/wp-content/plugins/ie-sitemode/custom-jumplist.php]
[arindamchat.wordpress.com/category/net/smart-client/index.html]
[s.skimresources.com/js/725X1342.skimlinks.js]
[arindamchat.wordpress.com/category/net/click-once/index.html]
[arindamchat.wordpress.com/zabout-me/index.html]
[arindamchat.wordpress.com/author/arindach/index.html]
[arindamchat.wordpress.com/2017/05/15/deploy-asp-net-mvc5-grid-view-application-to-azure-app-service/index.html]
[pixel.wp.com/b0b80.gif]
[arindamchat.wordpress.com/index.html]
[arindamchat.wordpress.com/xmlrpc.php]
[arindamchat.wordpress.com/category/microsoft-technologies/index.html]
[s0.wp.com/wp-content/mu-plugins/global-print/global-print6805.css]
[arindamchat.wordpress.com/2016/11/21/new-managed-solutions-gallery-as-alternative-for-sharepoint-server-sandbox-solutions/index.html]
[arindamchat.wordpress.com/2017/01/25/operationmanagersuit-oms/index.html]
[arindamchat.wordpress.com/2017/01/27/azure-log-search-dashboard-and-designer-in-operations-manager-suits-oms/index.html]
[arindamchat.wordpress.com/2016/11/17/using-administrative-actions-logging-in-sharepoint-2016/index.html]
[arindamchat.wordpress.com/2014/07/31/all-you-wanted-to-know-about-clickonce/index.html]
[arindamchat.wordpress.com/2016/11/16/angular-js-on-sharepoint-2013/index.html]
[arindamchat.wordpress.com/page/2/index.html]
[arindamchat.wordpress.com/2017/01/index.html]
[arindamchat.wordpress.com/2017/05/index.html]
[arindamchat.wordpress.com/2016/11/index.html]
[arindamchat.wordpress.com/2014/07/index.html]
[arindamchat.wordpress.com/2014/03/index.html]
[arindamchat.wordpress.com/2014/02/index.html]
[arindamchat.wordpress.com/2013/06/index.html]
[arindamchat.wordpress.com/2013/03/index.html]
[arindamchat.wordpress.com/2012/11/index.html]
[arindamchat.wordpress.com/2012/10/index.html]
[arindamchat.wordpress.com/2012/09/index.html]
[arindamchat.wordpress.com/2012/08/index.html]
[arindamchat.wordpress.com/2012/07/index.html]
[arindamchat.wordpress.com/2011/12/index.html]
[arindamchat.wordpress.com/2011/04/index.html]
[arindamchat.wordpress.com/2007/11/index.html]
[s2.wp.com/_static/index1575.html]
[s2.wp.com/_static/index1331.html]
[s1.wp.com/wp-content/mu-plugins/post-flair/sharing/images/icon-wordpress.png]
[s1.wp.com/wp-content/mu-plugins/post-flair/sharing/images/icon-twitter.png]
[s1.wp.com/wp-content/mu-plugins/post-flair/sharing/images/icon-facebook.png]
[s1.wp.com/wp-content/mu-plugins/post-flair/sharing/images/googleplus1.png]
[s1.wp.com/wp-content/mu-plugins/post-flair/sharing/images/icon-wordpress-2x.png]
[s1.wp.com/wp-content/mu-plugins/post-flair/sharing/images/icon-twitter-2x.png]
[s1.wp.com/wp-content/mu-plugins/post-flair/sharing/images/icon-facebook-2x.png]
[s1.wp.com/wp-content/mu-plugins/post-flair/sharing/images/googleplus1@2x.png]
[s1.wp.com/wp-content/mu-plugins/highlander-comments/images/postto-buttons.png]
[s1.wp.com/wp-content/mu-plugins/highlander-comments/images/button-back.gif]
[s1.wp.com/wp-content/mu-plugins/highlander-comments/images/button-back-over.gif]
[s1.wp.com/wp-content/mu-plugins/highlander-comments/images/loader.gif]
[s1.wp.com/wp-content/mu-plugins/highlander-comments/style0196.css]
[arindamchat.wordpress.com/indexdd8f.html]
[arindamchat.wordpress.com/category/azure/index.html]
[arindamchat.wordpress.com/category/fast/index.html]
[arindamchat.wordpress.com/category/sharepoint/index.html]
[arindamchat.wordpress.com/category/azure/feed/index.html]
[arindamchat.wordpress.com/category/sharepoint/sharepoint-2016/index.html]
[arindamchat.wordpress.com/category/fast/feed/index.html]
[arindamchat.wordpress.com/category/sharepoint/feed/index.html]
[arindamchat.wordpress.com/category/sharepoint/sharepoint-2013/index.html]
[arindamchat.wordpress.com/2012/09/03/troubleshooting-of-fast-search-configuration/index.html]
[arindamchat.wordpress.com/2014/07/17/sharepoint-debugging-assistant-free-visual-studio-20122013-add-in/index.html]
[arindamchat.wordpress.com/category/sharepoint/sharepoint-2010/index.html]
[arindamchat.wordpress.com/2014/03/01/create-sharepoint-custom-error-page-and-access-denied-page/index.html]
[arindamchat.wordpress.com/2014/02/15/sharepoint-library-with-tree-view/index.html]
[arindamchat.wordpress.com/category/net/index.html]
[arindamchat.wordpress.com/2013/06/12/different-app-hosting-option-in-sharepoint-2013/index.html]
[arindamchat.wordpress.com/category/sharepoint/sharepoint-2016/feed/index.html]
[arindamchat.wordpress.com/category/net/smart-client/index.html]
[arindamchat.wordpress.com/category/sharepoint/page/2/index.html]
[arindamchat.wordpress.com/category/sharepoint/sharepoint-2013/feed/index.html]
[arindamchat.wordpress.com/category/net/click-once/index.html]
[arindamchat.wordpress.com/2013/03/22/new-sharepoint-2013-topology/index.html]
[arindamchat.wordpress.com/category/sharepoint/sharepoint-2013/page/2/index.html]
[arindamchat.wordpress.com/2013/03/15/sharepoint-server-2013-march-update-is-out-and-its-an-important-one/index.html]
[arindamchat.wordpress.com/2012/08/01/sharepoint-15/index.html]
[arindamchat.wordpress.com/category/sharepoint/sharepoint-2010/feed/index.html]
[arindamchat.wordpress.com/2013/03/15/microsoft-has-released-a-patch-for-critical-sharepoint-2010-vulnerability/index.html]
[arindamchat.wordpress.com/2013/03/08/oob-and-3rd-party-web-analytics-tools-for-sharepoint-2010/index.html]
[arindamchat.files.wordpress.com/2014/08/2239925.jpg]
[arindamchat.wordpress.com/zabout-me/index.html]
[arindamchat.wordpress.com/category/net/feed/index.html]
[arindamchat.wordpress.com/category/sharepoint/sharepoint-2010/page/2/index.html]
[arindamchat.wordpress.com/2012/11/06/how-to-create-multiple-user-profile-service-application-in-sharepoint-2010/index.html]
[arindamchat.wordpress.com/2012/10/01/custom-claim-provider/index.html]
[arindamchat.wordpress.com/category/net/smart-client/feed/index.html]
[s.pubmine.com/head.js]
[arindamchat.wordpress.com/category/net/click-once/feed/index.html]
[static.criteo.net/js/ld/publishertag.js]
[arindamchat.files.wordpress.com/2017/05/1bc78.png]
[arindamchat.files.wordpress.com/2017/05/2bc78.png]
[arindamchat.files.wordpress.com/2017/05/3bc78.png]
[arindamchat.wordpress.com/2017/05/15/deploy-asp-net-mvc5-grid-view-application-to-azure-app-service/feed/index.html]
[arindamchat.files.wordpress.com/2017/05/4bc78.png]
[arindamchat.files.wordpress.com/2017/05/5bc78.png]
[arindamchat.files.wordpress.com/2017/05/6bc78.png]
[arindamchat.files.wordpress.com/2017/05/7bc78.png]
[arindamchat.files.wordpress.com/2017/05/8bc78.png]
[arindamchat.files.wordpress.com/2017/05/9bc78.png]
[arindamchat.files.wordpress.com/2017/05/10bc78.png]
[arindamchat.files.wordpress.com/2017/05/11bc78.png]
[arindamchat.files.wordpress.com/2017/05/12bc78.png]
[arindamchat.files.wordpress.com/2017/05/13bc78.png]
[arindamchat.files.wordpress.com/2017/05/14bc78.png]
[arindamchat.files.wordpress.com/2017/05/15bc78.png]
[arindamchat.files.wordpress.com/2017/05/16bc78.png]
[arindamchat.files.wordpress.com/2017/05/17bc78.png]
[arindamchat.files.wordpress.com/2017/05/182da7.png]
[arindamchat.wordpress.com/2017/05/15/deploy-asp-net-mvc5-grid-view-application-to-azure-app-service/amp/index.html]
[arindamchat.files.wordpress.com/2017/05/19bc78.png]
[arindamchat.files.wordpress.com/2017/05/20bc78.png]
[arindamchat.files.wordpress.com/2017/05/21bc78.png]
[arindamchat.files.wordpress.com/2017/05/22bc78.png]
[arindamchat.files.wordpress.com/2017/05/23bc78.png]
[arindamchat.files.wordpress.com/2017/05/24bc78.png]
[arindamchat.files.wordpress.com/2017/05/25bc78.png]
[arindamchat.files.wordpress.com/2017/05/26bc78.png]
[arindamchat.files.wordpress.com/2017/05/27bc78.png]
[arindamchat.files.wordpress.com/2017/05/28bc78.png]
[arindamchat.files.wordpress.com/2017/05/29bc78.png]
[arindamchat.files.wordpress.com/2017/05/30bc78.png]
[arindamchat.files.wordpress.com/2017/05/31bc78.png]
[arindamchat.files.wordpress.com/2017/05/32bc78.png]
[arindamchat.files.wordpress.com/2017/05/33bc78.png]
[arindamchat.files.wordpress.com/2017/05/34bc78.png]
[arindamchat.files.wordpress.com/2017/05/35bc78.png]
[arindamchat.files.wordpress.com/2017/05/36bc78.png]
[arindamchat.files.wordpress.com/2017/05/37bc78.png]
[arindamchat.files.wordpress.com/2017/05/38bc78.png]
[arindamchat.files.wordpress.com/2017/05/39bc78.png]
[arindamchat.files.wordpress.com/2017/05/40bc78.png]
[arindamchat.files.wordpress.com/2017/05/41bc78.png]
[arindamchat.files.wordpress.com/2017/05/42bc78.png]
[arindamchat.files.wordpress.com/2017/05/43bc78.png]
[arindamchat.wordpress.com/2017/05/15/deploy-asp-net-mvc5-grid-view-application-to-azure-app-service/index.html]
[s1.wp.com/wp-content/mu-plugins/akismet-3.0/_inc/formcd10.js]
[arindamchat.wordpress.com/tag/azure/index.html]
[arindamchat.wordpress.com/author/arindach/index.html]
[arindamchat.wordpress.com/tag/mvc/index.html]
[arindamchat.wordpress.com/author/arindach/feed/index.html]
[arindamchat.wordpress.com/author/arindach/page/2/index.html]
[arindamchat.wordpress.com/2017/01/27/azure-log-search-dashboard-and-designer-in-operations-manager-suits-oms/feed/index.html]
[arindamchat.files.wordpress.com/2017/01/110bc78.png]
[arindamchat.files.wordpress.com/2017/01/25bc78.png]
[arindamchat.files.wordpress.com/2017/01/31bc78.png]
[arindamchat.files.wordpress.com/2017/01/41bc78.png]
[arindamchat.files.wordpress.com/2017/01/51bc78.png]
[arindamchat.files.wordpress.com/2017/01/71bc78.png]
[arindamchat.files.wordpress.com/2017/01/81bc78.png]
[arindamchat.files.wordpress.com/2017/01/91bc78.png]
[arindamchat.files.wordpress.com/2017/01/101bc78.png]
[arindamchat.files.wordpress.com/2017/01/111bc78.png]
[arindamchat.files.wordpress.com/2017/01/121bc78.png]
[arindamchat.files.wordpress.com/2017/01/131bc78.png]
[arindamchat.files.wordpress.com/2017/01/151bc78.png]
[arindamchat.wordpress.com/2017/01/27/azure-log-search-dashboard-and-designer-in-operations-manager-suits-oms/amp/index.html]
[arindamchat.files.wordpress.com/2017/01/161bc78.png]
[arindamchat.files.wordpress.com/2017/01/171bc78.png]
[arindamchat.files.wordpress.com/2017/01/181bc78.png]
[arindamchat.files.wordpress.com/2017/01/191bc78.png]
[arindamchat.files.wordpress.com/2017/01/201bc78.png]
[arindamchat.files.wordpress.com/2017/01/211bc78.png]
[arindamchat.files.wordpress.com/2017/01/221bc78.png]
[arindamchat.files.wordpress.com/2017/01/231bc78.png]
[arindamchat.files.wordpress.com/2017/01/241bc78.png]
[arindamchat.files.wordpress.com/2017/01/251bc78.png]
[arindamchat.files.wordpress.com/2017/01/266fcf.png]
[arindamchat.files.wordpress.com/2017/01/27bc78.png]
[arindamchat.files.wordpress.com/2017/01/28bc78.png]
[arindamchat.files.wordpress.com/2017/01/29bc78.png]
[arindamchat.files.wordpress.com/2017/01/30bc78.png]
[arindamchat.files.wordpress.com/2017/01/311bc78.png]
[arindamchat.files.wordpress.com/2017/01/32bc78.png]
[arindamchat.wordpress.com/2017/01/27/azure-log-search-dashboard-and-designer-in-operations-manager-suits-oms/index.html]
[arindamchat.wordpress.com/tag/iis-logs/index.html]
[arindamchat.wordpress.com/tag/iislogs/index.html]
[arindamchat.wordpress.com/tag/log-analysis/index.html]
[arindamchat.files.wordpress.com/2017/01/1bc78.png]
[arindamchat.wordpress.com/tag/log-search/index.html]
[arindamchat.wordpress.com/tag/logs/index.html]
[arindamchat.files.wordpress.com/2017/01/2bc78.png]
[arindamchat.wordpress.com/tag/operations-management-suite/index.html]
[arindamchat.wordpress.com/tag/oms/index.html]
[arindamchat.wordpress.com/tag/sharepoint-logs/index.html]
[arindamchat.wordpress.com/2017/01/25/operationmanagersuit-oms/feed/index.html]
[arindamchat.files.wordpress.com/2017/01/3bc78.png]
[arindamchat.files.wordpress.com/2017/01/4bc78.png]
[arindamchat.files.wordpress.com/2017/01/5bc78.png]
[arindamchat.files.wordpress.com/2017/01/6bc78.png]
[arindamchat.files.wordpress.com/2017/01/7bc78.png]
[arindamchat.files.wordpress.com/2017/01/8bc78.png]
[arindamchat.files.wordpress.com/2017/01/9bc78.png]
[arindamchat.files.wordpress.com/2017/01/10bc78.png]
[arindamchat.files.wordpress.com/2017/01/11bc78.png]
[arindamchat.wordpress.com/2017/01/25/operationmanagersuit-oms/amp/index.html]
[arindamchat.files.wordpress.com/2017/01/12bc78.png]
[arindamchat.files.wordpress.com/2017/01/13bc78.png]
[arindamchat.files.wordpress.com/2017/01/14bc78.png]
[arindamchat.files.wordpress.com/2017/01/15bc78.png]
[arindamchat.files.wordpress.com/2017/01/16bc78.png]
[arindamchat.files.wordpress.com/2017/01/17bc78.png]
[arindamchat.files.wordpress.com/2017/01/18bc78.png]
[arindamchat.files.wordpress.com/2017/01/19bc78.png]
[arindamchat.files.wordpress.com/2017/01/20bc78.png]
[arindamchat.files.wordpress.com/2017/01/21bc78.png]
[arindamchat.files.wordpress.com/2017/01/22bc78.png]
[arindamchat.files.wordpress.com/2017/01/23bc78.png]
[arindamchat.files.wordpress.com/2017/01/24bc78.png]
[arindamchat.wordpress.com/2017/01/25/operationmanagersuit-oms/index.html]
[arindamchat.wordpress.com/category/microsoft-technologies/index.html]
[arindamchat.wordpress.com/category/microsoft-technologies/feed/index.html]
[arindamchat.wordpress.com/2013/06/07/custom-search-solutions-for-sharepoint-2010-fulltextsqlquery/index.html]
[arindamchat.files.wordpress.com/2016/11/1bc78.png]
[arindamchat.wordpress.com/category/microsoft-technologies/page/2/index.html]
[arindamchat.wordpress.com/2016/11/21/new-managed-solutions-gallery-as-alternative-for-sharepoint-server-sandbox-solutions/feed/index.html]
[arindamchat.files.wordpress.com/2016/11/22bc78.png]
[arindamchat.files.wordpress.com/2016/11/31bc78.png]
[arindamchat.files.wordpress.com/2016/11/41bc78.png]
[arindamchat.files.wordpress.com/2016/11/5bc78.png]
[arindamchat.wordpress.com/2016/11/21/new-managed-solutions-gallery-as-alternative-for-sharepoint-server-sandbox-solutions/amp/index.html]
[arindamchat.files.wordpress.com/2016/11/6bc78.png]
[arindamchat.files.wordpress.com/2016/11/7bc78.png]
[arindamchat.files.wordpress.com/2016/11/8bc78.png]
[arindamchat.files.wordpress.com/2016/11/9bc78.png]
[arindamchat.files.wordpress.com/2016/11/10bc78.png]
[arindamchat.wordpress.com/2016/11/21/new-managed-solutions-gallery-as-alternative-for-sharepoint-server-sandbox-solutions/index.html]
[arindamchat.wordpress.com/tag/managed-solution-gallery/index.html]
[arindamchat.files.wordpress.com/2016/11/21bc78.png]
[arindamchat.wordpress.com/tag/sandbox/index.html]
[arindamchat.wordpress.com/tag/sharepoint-2016/index.html]
[arindamchat.wordpress.com/2016/11/17/using-administrative-actions-logging-in-sharepoint-2016/feed/index.html]
[arindamchat.files.wordpress.com/2016/11/2bc78.png]
[arindamchat.files.wordpress.com/2016/11/3bc78.png]
[arindamchat.files.wordpress.com/2016/11/4bc78.png]
[arindamchat.wordpress.com/2016/11/17/using-administrative-actions-logging-in-sharepoint-2016/index.html]
[arindamchat.wordpress.com/2016/11/17/using-administrative-actions-logging-in-sharepoint-2016/amp/index.html]
[arindamchat.wordpress.com/tag/administrative-actions-logging/index.html]
[arindamchat.files.wordpress.com/2016/11/ang1bc78.png]
[getbootstrap.com/2.3.2/assets/css/bootstrap.css]
[arindamchat.wordpress.com/tag/administrative-logging/index.html]
[arindamchat.wordpress.com/2016/11/16/angular-js-on-sharepoint-2013/feed/index.html]
[arindamchat.files.wordpress.com/2016/11/ang2bc78.png]
[arindamchat.files.wordpress.com/2016/11/ang2-1bc78.png]
[arindamchat.files.wordpress.com/2016/11/ang3bc78.png]
[arindamchat.files.wordpress.com/2016/11/ang5-5bc78.png]
[arindamchat.files.wordpress.com/2016/11/ang5-6bc78.png]
[arindamchat.wordpress.com/2016/11/16/angular-js-on-sharepoint-2013/amp/index.html]
[arindamchat.files.wordpress.com/2016/11/ang5-7bc78.png]
[arindamchat.wordpress.com/2016/11/16/angular-js-on-sharepoint-2013/void(0)]
[arindamchat.files.wordpress.com/2016/11/ang6bc78.png]
[arindamchat.files.wordpress.com/2016/11/ang7bc78.png]
[code.jquery.com/ui/1.10.3/jquery-ui.min.js]
[arindamchat.files.wordpress.com/2016/11/ang8bc78.png]
[arindamchat.files.wordpress.com/2016/11/ang9bc78.png]
[arindamchat.files.wordpress.com/2016/11/ang-lastbc78.png]
[arindamchat.wordpress.com/2016/11/16/angular-js-on-sharepoint-2013/index.html]
[arindamchat.files.wordpress.com/2014/07/9dbe6-1.png]
[arindamchat.wordpress.com/tag/angular-js/index.html]
[arindamchat.wordpress.com/tag/angularjs/index.html]
[arindamchat.wordpress.com/tag/sharepoint-2013/index.html]
[arindamchat.files.wordpress.com/2014/07/9dbe6-1e1a6.png]
[arindamchat.wordpress.com/tag/sharepoint-app/index.html]
[arindamchat.wordpress.com/2014/07/31/all-you-wanted-to-know-about-clickonce/feed/index.html]
[arindamchat.wordpress.com/2014/07/31/all-you-wanted-to-know-about-clickonce/amp/index.html]
[arindamchat.files.wordpress.com/2014/07/14d2e-2.png]
[arindamchat.files.wordpress.com/2014/07/14d2e-27e86.png]
[arindamchat.files.wordpress.com/2014/07/acfa6-3.png]
[arindamchat.files.wordpress.com/2014/07/acfa6-36c5c.png]
[arindamchat.files.wordpress.com/2014/07/ab97d-4.png]
[arindamchat.files.wordpress.com/2014/07/ab97d-4bea1.png]
[arindamchat.files.wordpress.com/2014/07/42c9d-5.png]
[arindamchat.files.wordpress.com/2014/07/42c9d-5bae0.png]
[arindamchat.files.wordpress.com/2014/07/571dd-6.png]
[arindamchat.files.wordpress.com/2014/07/571dd-6be3b.png]
[arindamchat.files.wordpress.com/2014/07/7bb29-7.png]
[arindamchat.files.wordpress.com/2014/07/7bb29-7f707.png]
[arindamchat.files.wordpress.com/2014/07/60b42-8.png]
[arindamchat.files.wordpress.com/2014/07/60b42-895f0.png]
[arindamchat.wordpress.com/2014/07/31/all-you-wanted-to-know-about-clickonce/index.html]
[arindamchat.wordpress.com/page/2/index.html]
[arindamchat.wordpress.com/2017/05/index.html]
[arindamchat.wordpress.com/tag/clickones/index.html]
[arindamchat.wordpress.com/tag/smartclient/index.html]
[arindamchat.wordpress.com/2017/01/index.html]
[arindamchat.wordpress.com/page/3/index.html]
[arindamchat.wordpress.com/2016/11/index.html]
[arindamchat.wordpress.com/2014/07/index.html]
[arindamchat.wordpress.com/2014/03/index.html]
[arindamchat.wordpress.com/2014/02/index.html]
[arindamchat.wordpress.com/2013/06/index.html]
[arindamchat.wordpress.com/2013/03/index.html]
[arindamchat.wordpress.com/2012/11/index.html]
[arindamchat.wordpress.com/2012/10/index.html]
[arindamchat.wordpress.com/2012/09/index.html]
[arindamchat.wordpress.com/2012/08/index.html]
[arindamchat.wordpress.com/2012/07/index.html]
[arindamchat.wordpress.com/2012/07/12/simple-dos-commands-to-move-sharepoint-logs/index.html]
[arindamchat.wordpress.com/2011/12/index.html]
[arindamchat.wordpress.com/2011/12/06/sharepoint-2010-moving-your-changes-to-a-production-server/index.html]
[arindamchat.wordpress.com/2011/04/index.html]
[arindamchat.wordpress.com/2011/04/26/sharepoint-2010-document-set-functionalities/index.html]
[arindamchat.wordpress.com/2007/11/index.html]
[arindamchat.wordpress.com/2007/11/20/agile-methology/index.html]
[arindamchat.wordpress.com/2007/11/19/65/index.html]
[pixel.wp.com/g9818.gif]
[0.gravatar.com/js/gprofiles12f0.js]
[s1.wp.com/wp-content/mu-plugins/gravatar-hovercards/wpgrohoc3b6.js]
[s2.wp.com/_static/index1575.html]
[arindamchat.wordpress.com/ABCDEFGHIJKLMNOPQRSTUVWXYZabcdefghijklmnopqrstuvwxyz0123456789+/index.html]
[arindamchat.wordpress.com/2007/11/18/first-note-from-me/index.html]
[s1.wp.com/wp-content/mu-plugins/carousel/images/arrows.png]
[s1.wp.com/wp-content/mu-plugins/carousel/images/arrows-2x.png]
[s1.wp.com/wp-content/mu-plugins/carousel/images/carousel-spritee4da.png]
[s1.wp.com/wp-content/mu-plugins/carousel/images/carousel-sprite-2xe4da.png]
[s1.wp.com/wp-content/mu-plugins/carousel/jetpack-carouselaccd.css]
[s1.wp.com/wp-content/mu-plugins/tiled-gallery/tiled-galleryf830.css]
[pixel.wp.com/t.gif]
[stats.wp.com/w9f61.js]
[arindamchat.wordpress.com/2012/09/03/troubleshooting-of-fast-search-configuration/feed/index.html]
[arindamchat.files.wordpress.com/2012/09/cf357-1-bmp.jpg]
[arindamchat.wordpress.com/2012/09/03/troubleshooting-of-fast-search-configuration/amp/index.html]
[arindamchat.files.wordpress.com/2012/09/cf357-1-bmp94b3.jpg]
[arindamchat.files.wordpress.com/2012/09/d0668-2-bmp.jpg]
[arindamchat.files.wordpress.com/2012/09/d0668-2-bmpe521.jpg]
[arindamchat.files.wordpress.com/2012/09/97149-3-bmp.jpg]
[arindamchat.files.wordpress.com/2012/09/97149-3-bmp1bc8.jpg]
[arindamchat.files.wordpress.com/2012/09/e8089-4-bmp.jpg]
[arindamchat.files.wordpress.com/2012/09/e8089-4-bmp7d81.jpg]
[arindamchat.files.wordpress.com/2012/09/04112-5-bmp.jpg]
[arindamchat.files.wordpress.com/2012/09/04112-5-bmpe15b.jpg]
[arindamchat.files.wordpress.com/2012/09/c98cc-6-bmp.jpg]
[arindamchat.files.wordpress.com/2012/09/c98cc-6-bmpc364.jpg]
[arindamchat.files.wordpress.com/2012/09/34ad3-7-bmp.jpg]
[arindamchat.files.wordpress.com/2012/09/34ad3-7-bmp03b2.jpg]
[arindamchat.files.wordpress.com/2012/09/52130-8-bmp.jpg]
[arindamchat.files.wordpress.com/2012/09/52130-8-bmp7376.jpg]
[arindamchat.wordpress.com/2012/09/03/troubleshooting-of-fast-search-configuration/index.html]
[arindamchat.wordpress.com/2014/07/17/sharepoint-debugging-assistant-free-visual-studio-20122013-add-in/index.html]
[arindamchat.wordpress.com/tag/fast/index.html]
[arindamchat.wordpress.com/tag/fast-search/index.html]
[arindamchat.files.wordpress.com/2014/03/08ade-222.gif]
[arindamchat.files.wordpress.com/2014/03/08ade-22254d6.gif]
[arindamchat.wordpress.com/tag/sharepoint-2010/index.html]
[arindamchat.files.wordpress.com/2014/03/0e677-333.png]
[arindamchat.wordpress.com/2014/07/17/sharepoint-debugging-assistant-free-visual-studio-20122013-add-in/feed/index.html]
[arindamchat.files.wordpress.com/2014/03/0e677-3339c40.png]
[arindamchat.wordpress.com/2014/07/17/sharepoint-debugging-assistant-free-visual-studio-20122013-add-in/amp/index.html]
[arindamchat.files.wordpress.com/2014/03/d1ea8-555.gif]
[arindamchat.files.wordpress.com/2014/03/d1ea8-555d9d2.gif]
[arindamchat.wordpress.com/2014/03/01/create-sharepoint-custom-error-page-and-access-denied-page/feed/index.html]
[arindamchat.files.wordpress.com/2014/03/addca-444.gif]
[arindamchat.wordpress.com/2014/03/01/create-sharepoint-custom-error-page-and-access-denied-page/amp/index.html]
[arindamchat.files.wordpress.com/2014/03/addca-444832e.gif]
[arindamchat.wordpress.com/2014/03/01/create-sharepoint-custom-error-page-and-access-denied-page/index.html]
[arindamchat.files.wordpress.com/2014/02/7fd98-111.gif]
[arindamchat.files.wordpress.com/2014/02/7fd98-1111108.gif]
[arindamchat.wordpress.com/2014/03/01/create-sharepoint-custom-error-page-and-access-denied-page/indexe530.html]
[arindamchat.files.wordpress.com/2014/02/d654d-des.gif]
[arindamchat.wordpress.com/2014/03/01/create-sharepoint-custom-error-page-and-access-denied-page/index0e22.html]
[arindamchat.files.wordpress.com/2014/02/d654d-des501a.gif]
[arindamchat.wordpress.com/2014/02/15/sharepoint-library-with-tree-view/feed/index.html]
[arindamchat.files.wordpress.com/2014/02/f44c3-lib.gif]
[arindamchat.wordpress.com/2014/02/15/sharepoint-library-with-tree-view/amp/index.html]
[arindamchat.files.wordpress.com/2014/02/f44c3-lib9c8c.gif]
[arindamchat.wordpress.com/2014/02/15/sharepoint-library-with-tree-view/index.html]
[arindamchat.wordpress.com/2013/06/12/different-app-hosting-option-in-sharepoint-2013/index.html]
[arindamchat.wordpress.com/category/sharepoint/page/2/index.html]
[arindamchat.wordpress.com/2013/03/22/new-sharepoint-2013-topology/index.html]
[arindamchat.wordpress.com/tag/treeview/index.html]
[arindamchat.wordpress.com/2013/03/15/sharepoint-server-2013-march-update-is-out-and-its-an-important-one/index.html]
[arindamchat.wordpress.com/2013/06/12/different-app-hosting-option-in-sharepoint-2013/amp/index.html]
[arindamchat.wordpress.com/2012/08/01/sharepoint-15/index.html]
[arindamchat.wordpress.com/2013/06/12/different-app-hosting-option-in-sharepoint-2013/feed/index.html]
[arindamchat.wordpress.com/category/sharepoint/sharepoint-2013/page/2/index.html]
[arindamchat.wordpress.com/category/sharepoint/page/3/index.html]
[arindamchat.wordpress.com/2013/03/15/microsoft-has-released-a-patch-for-critical-sharepoint-2010-vulnerability/index.html]
[arindamchat.wordpress.com/2013/03/22/new-sharepoint-2013-topology/amp/index.html]
[arindamchat.wordpress.com/2013/03/22/new-sharepoint-2013-topology/feed/index.html]
[arindamchat.wordpress.com/2013/03/15/sharepoint-server-2013-march-update-is-out-and-its-an-important-one/feed/index.html]
[arindamchat.files.wordpress.com/2013/03/b9733-1.jpg]
[arindamchat.wordpress.com/2013/03/15/sharepoint-server-2013-march-update-is-out-and-its-an-important-one/amp/index.html]
[arindamchat.files.wordpress.com/2013/03/b9733-1c46c.jpg]
[arindamchat.files.wordpress.com/2013/03/c9d6b-2.jpg]
[arindamchat.files.wordpress.com/2013/03/c9d6b-2c46c.jpg]
[arindamchat.wordpress.com/2012/08/01/sharepoint-15/feed/index.html]
[arindamchat.files.wordpress.com/2013/03/2935b-3.jpg]
[arindamchat.wordpress.com/2012/08/01/sharepoint-15/amp/index.html]
[arindamchat.files.wordpress.com/2013/03/2935b-3f457.jpg]
[arindamchat.files.wordpress.com/2013/03/f11e5-4.jpg]
[arindamchat.files.wordpress.com/2013/03/f11e5-4a2a6.jpg]
[arindamchat.wordpress.com/2013/03/15/microsoft-has-released-a-patch-for-critical-sharepoint-2010-vulnerability/feed/index.html]
[arindamchat.wordpress.com/2013/03/15/microsoft-has-released-a-patch-for-critical-sharepoint-2010-vulnerability/amp/index.html]
[arindamchat.files.wordpress.com/2013/03/906ed-5.jpg]
[arindamchat.files.wordpress.com/2013/03/906ed-5e15b.jpg]
[arindamchat.files.wordpress.com/2013/03/f004b-6.jpg]
[arindamchat.files.wordpress.com/2013/03/f004b-6e754.jpg]
[arindamchat.wordpress.com/2013/03/08/oob-and-3rd-party-web-analytics-tools-for-sharepoint-2010/feed/index.html]
[arindamchat.files.wordpress.com/2013/03/62e84-7.png]
[arindamchat.wordpress.com/2013/03/08/oob-and-3rd-party-web-analytics-tools-for-sharepoint-2010/amp/index.html]
[arindamchat.files.wordpress.com/2013/03/62e84-741f3.png]
[arindamchat.files.wordpress.com/2013/03/35a03-8.jpg]
[arindamchat.files.wordpress.com/2013/03/35a03-85ad2.jpg]
[arindamchat.files.wordpress.com/2013/03/d09bc-9.jpg]
[arindamchat.files.wordpress.com/2013/03/d09bc-9ea45.jpg]
[arindamchat.files.wordpress.com/2013/03/63fc1-10.jpg]
[arindamchat.files.wordpress.com/2013/03/63fc1-10b636.jpg]
[arindamchat.files.wordpress.com/2013/03/0d3a5-11.jpg]
[arindamchat.files.wordpress.com/2013/03/0d3a5-11e074.jpg]
[arindamchat.files.wordpress.com/2013/03/0274d-12.jpg]
[arindamchat.files.wordpress.com/2013/03/0274d-12254b.jpg]
[arindamchat.wordpress.com/2013/03/08/oob-and-3rd-party-web-analytics-tools-for-sharepoint-2010/index.html]
[arindamchat.files.wordpress.com/2012/11/df9cc-1.png]
[arindamchat.files.wordpress.com/2012/11/df9cc-156dc.png]
[arindamchat.wordpress.com/tag/sharepoint/index.html]
[arindamchat.files.wordpress.com/2012/11/71cef-2.png]
[arindamchat.wordpress.com/2012/11/06/how-to-create-multiple-user-profile-service-application-in-sharepoint-2010/feed/index.html]
[arindamchat.wordpress.com/2012/11/06/how-to-create-multiple-user-profile-service-application-in-sharepoint-2010/amp/index.html]
[arindamchat.files.wordpress.com/2012/11/71cef-202ad.png]
[arindamchat.files.wordpress.com/2012/11/e880f-3.png]
[arindamchat.files.wordpress.com/2012/11/e880f-33191.png]
[arindamchat.files.wordpress.com/2012/11/61165-4.png]
[arindamchat.files.wordpress.com/2012/11/61165-4254b.png]
[arindamchat.files.wordpress.com/2012/11/9b93a-1.jpg]
[arindamchat.files.wordpress.com/2012/11/9b93a-1da5b.jpg]
[arindamchat.files.wordpress.com/2012/11/ef2db-2.jpg]
[arindamchat.files.wordpress.com/2012/11/ef2db-210b0.jpg]
[arindamchat.wordpress.com/2012/11/06/how-to-create-multiple-user-profile-service-application-in-sharepoint-2010/index.html]
[arindamchat.files.wordpress.com/2012/10/a5c0c-image1.jpg]
[arindamchat.files.wordpress.com/2012/10/a5c0c-image1dcbd.jpg]
[arindamchat.wordpress.com/tag/upsa/index.html]
[arindamchat.files.wordpress.com/2012/10/52b94-image2.jpg]
[arindamchat.wordpress.com/tag/user-profile-service/index.html]
[arindamchat.files.wordpress.com/2012/10/52b94-image21ba8.jpg]
[arindamchat.files.wordpress.com/2012/10/1451d-image3jpg.jpg]
[arindamchat.wordpress.com/2012/10/01/custom-claim-provider/feed/index.html]
[arindamchat.files.wordpress.com/2012/10/1451d-image3jpg09f8.jpg]
[arindamchat.wordpress.com/2012/10/01/custom-claim-provider/index.html]
[arindamchat.wordpress.com/category/sharepoint/sharepoint-2010/page/2/index.html]
[arindamchat.wordpress.com/zabout-me/index9a7b.html]
[arindamchat.wordpress.com/2012/10/01/custom-claim-provider/amp/index.html]
[arindamchat.wordpress.com/tag/claims/index.html]
[arindamchat.wordpress.com/zabout-me/index5a58.html]
[arindamchat.wordpress.com/tag/custom-claim/index.html]
[arindamchat.wordpress.com/tag/sharepoint-claim/index.html]
[arindamchat.wordpress.com/zabout-me/index386f.html]
[arindamchat.wordpress.com/2012/10/01/custom-claim-provider/indexae7e.html]
[arindamchat.wordpress.com/2012/10/01/custom-claim-provider/index6809.html]
[arindamchat.files.wordpress.com/2017/05/39.png]
[arindamchat.files.wordpress.com/2017/05/1d209.png]
[cdn.ampproject.org/v0/amp-ad-0.1.js]
[cdn.ampproject.org/v0.js]
[s2.wp.com/wp-content/plugins/amp/assets/images/placeholder-icon.png]
[pixel.wp.com/b4e5e.gif]
[pixel.wp.com/b7d28.gif]
[arindamchat.wordpress.com/2017/05/15/deploy-asp-net-mvc5-grid-view-application-to-azure-app-service/amp/index.html]
[arindamchat.wordpress.com/2017/05/15/deploy-asp-net-mvc5-grid-view-application-to-azure-app-service/index9a7b.html]
[arindamchat.wordpress.com/2017/05/15/deploy-asp-net-mvc5-grid-view-application-to-azure-app-service/index5a58.html]
[arindamchat.wordpress.com/2017/05/15/deploy-asp-net-mvc5-grid-view-application-to-azure-app-service/index386f.html]
[arindamchat.wordpress.com/tag/azure/index.html]
[arindamchat.wordpress.com/tag/mvc/index.html]
[s1.wp.com/wp-content/mu-plugins/akismet-3.0/_inc/formcd10.js]
[arindamchat.wordpress.com/author/arindach/page/2/index.html]
[arindamchat.files.wordpress.com/2017/01/28.png]
[arindamchat.wordpress.com/tag/mvc/feed/index.html]
[arindamchat.wordpress.com/tag/azure/feed/index.html]
[arindamchat.wordpress.com/author/arindach/page/3/index.html]
[arindamchat.files.wordpress.com/2017/01/110d209.png]
[pixel.wp.com/b640c.gif]
[pixel.wp.com/ba878.gif]
[arindamchat.wordpress.com/2017/01/27/azure-log-search-dashboard-and-designer-in-operations-manager-suits-oms/amp/index.html]
[arindamchat.wordpress.com/2017/01/27/azure-log-search-dashboard-and-designer-in-operations-manager-suits-oms/index9a7b.html]
[arindamchat.wordpress.com/2017/01/27/azure-log-search-dashboard-and-designer-in-operations-manager-suits-oms/index5a58.html]
[arindamchat.wordpress.com/2017/01/27/azure-log-search-dashboard-and-designer-in-operations-manager-suits-oms/index386f.html]
[arindamchat.wordpress.com/tag/iis-logs/index.html]
[arindamchat.wordpress.com/tag/iislogs/index.html]
[arindamchat.wordpress.com/tag/log-analysis/index.html]
[arindamchat.wordpress.com/tag/log-search/index.html]
[arindamchat.wordpress.com/tag/iis-logs/feed/index.html]
[arindamchat.wordpress.com/tag/iislogs/feed/index.html]
[arindamchat.wordpress.com/tag/logs/index.html]
[arindamchat.wordpress.com/tag/oms/index.html]
[arindamchat.wordpress.com/tag/log-search/feed/index.html]
[arindamchat.wordpress.com/tag/operations-management-suite/index.html]
[arindamchat.wordpress.com/tag/log-analysis/feed/index.html]
[arindamchat.wordpress.com/tag/sharepoint-logs/index.html]
[arindamchat.wordpress.com/tag/oms/feed/index.html]
[arindamchat.wordpress.com/tag/logs/feed/index.html]
[arindamchat.wordpress.com/tag/operations-management-suite/feed/index.html]
[arindamchat.wordpress.com/tag/sharepoint-logs/feed/index.html]
[arindamchat.files.wordpress.com/2017/01/20.png]
[arindamchat.files.wordpress.com/2017/01/1d209.png]
[pixel.wp.com/b2d5f.gif]
[pixel.wp.com/bc095.gif]
[arindamchat.wordpress.com/2017/01/25/operationmanagersuit-oms/amp/index.html]
[arindamchat.wordpress.com/2017/01/25/operationmanagersuit-oms/index9a7b.html]
[arindamchat.wordpress.com/2017/01/25/operationmanagersuit-oms/index5a58.html]
[arindamchat.wordpress.com/2017/01/25/operationmanagersuit-oms/index386f.html]
[arindamchat.files.wordpress.com/2013/06/0c922-11.jpg]
[arindamchat.wordpress.com/2013/06/07/custom-search-solutions-for-sharepoint-2010-fulltextsqlquery/feed/index.html]
[arindamchat.files.wordpress.com/2013/06/0c922-11f774.jpg]
[arindamchat.wordpress.com/2013/06/07/custom-search-solutions-for-sharepoint-2010-fulltextsqlquery/index.html]
[arindamchat.wordpress.com/category/microsoft-technologies/page/2/index.html]
[arindamchat.wordpress.com/2013/06/07/custom-search-solutions-for-sharepoint-2010-fulltextsqlquery/amp/index.html]
[arindamchat.files.wordpress.com/2016/11/7.png]
[arindamchat.files.wordpress.com/2016/11/1d209.png]
[pixel.wp.com/b8c72.gif]
[pixel.wp.com/b2d04.gif]
[arindamchat.wordpress.com/2016/11/21/new-managed-solutions-gallery-as-alternative-for-sharepoint-server-sandbox-solutions/amp/index.html]
[arindamchat.wordpress.com/2016/11/21/new-managed-solutions-gallery-as-alternative-for-sharepoint-server-sandbox-solutions/index9a7b.html]
[arindamchat.wordpress.com/2016/11/21/new-managed-solutions-gallery-as-alternative-for-sharepoint-server-sandbox-solutions/index5a58.html]
[arindamchat.wordpress.com/2016/11/21/new-managed-solutions-gallery-as-alternative-for-sharepoint-server-sandbox-solutions/index386f.html]
[arindamchat.wordpress.com/tag/managed-solution-gallery/index.html]
[arindamchat.wordpress.com/tag/sandbox/index.html]
[arindamchat.wordpress.com/tag/sharepoint-2016/index.html]
[arindamchat.wordpress.com/tag/managed-solution-gallery/feed/index.html]
[arindamchat.wordpress.com/tag/sandbox/feed/index.html]
[arindamchat.wordpress.com/tag/sharepoint-2016/feed/index.html]
[arindamchat.files.wordpress.com/2016/11/2.png]
[arindamchat.files.wordpress.com/2016/11/21d209.png]
[pixel.wp.com/b8be9.gif]
[arindamchat.wordpress.com/2016/11/17/using-administrative-actions-logging-in-sharepoint-2016/amp/index.html]
[arindamchat.wordpress.com/2016/11/17/using-administrative-actions-logging-in-sharepoint-2016/index9a7b.html]
[arindamchat.wordpress.com/2016/11/17/using-administrative-actions-logging-in-sharepoint-2016/index5a58.html]
[arindamchat.wordpress.com/2016/11/17/using-administrative-actions-logging-in-sharepoint-2016/index386f.html]
[arindamchat.wordpress.com/tag/administrative-actions-logging/index.html]
[arindamchat.wordpress.com/tag/administrative-logging/index.html]
[arindamchat.wordpress.com/tag/administrative-actions-logging/feed/index.html]
[arindamchat.wordpress.com/tag/administrative-logging/feed/index.html]
[arindamchat.files.wordpress.com/2016/11/ang6.png]
[arindamchat.files.wordpress.com/2016/11/ang1d209.png]
[pixel.wp.com/b73ec.gif]
[pixel.wp.com/b0adc.gif]
[arindamchat.wordpress.com/2016/11/16/angular-js-on-sharepoint-2013/amp/index.html]
[getbootstrap.com/2.3.2/assets/img/glyphicons-halflings.png]
[getbootstrap.com/2.3.2/assets/img/glyphicons-halflings-white.png]
[getbootstrap.com/2.3.2/assets/css/bootstrap.css]
[arindamchat.wordpress.com/2016/11/16/angular-js-on-sharepoint-2013/void(0).html]
[arindamchat.wordpress.com/2016/11/16/angular-js-on-sharepoint-2013/index9a7b.html]
[arindamchat.wordpress.com/2016/11/16/angular-js-on-sharepoint-2013/index5a58.html]
[arindamchat.wordpress.com/2016/11/16/angular-js-on-sharepoint-2013/index386f.html]
[arindamchat.wordpress.com/tag/angular-js/index.html]
[arindamchat.wordpress.com/tag/angularjs/index.html]
[arindamchat.wordpress.com/tag/sharepoint-2013/index.html]
[arindamchat.wordpress.com/tag/sharepoint-app/index.html]
[arindamchat.wordpress.com/tag/angular-js/feed/index.html]
[arindamchat.wordpress.com/tag/angularjs/feed/index.html]
[arindamchat.wordpress.com/tag/sharepoint-app/feed/index.html]
[arindamchat.wordpress.com/tag/sharepoint-2013/feed/index.html]
[arindamchat.files.wordpress.com/2014/07/9dbe6-1d209.png]
[pixel.wp.com/b6151.gif]
[pixel.wp.com/b673e.gif]
[arindamchat.wordpress.com/2014/07/31/all-you-wanted-to-know-about-clickonce/amp/index.html]
[arindamchat.wordpress.com/2014/07/31/all-you-wanted-to-know-about-clickonce/index9a7b.html]
[arindamchat.wordpress.com/2014/07/31/all-you-wanted-to-know-about-clickonce/index5a58.html]
[arindamchat.wordpress.com/2014/07/31/all-you-wanted-to-know-about-clickonce/index386f.html]
[arindamchat.wordpress.com/tag/clickones/index.html]
[arindamchat.wordpress.com/tag/smartclient/index.html]
[arindamchat.wordpress.com/page/3/index.html]
[arindamchat.wordpress.com/2012/07/12/simple-dos-commands-to-move-sharepoint-logs/index.html]
[arindamchat.wordpress.com/tag/smartclient/feed/index.html]
[arindamchat.wordpress.com/tag/clickones/feed/index.html]
[arindamchat.wordpress.com/2011/12/06/sharepoint-2010-moving-your-changes-to-a-production-server/index.html]
[arindamchat.wordpress.com/page/4/index.html]
[arindamchat.wordpress.com/2012/07/12/simple-dos-commands-to-move-sharepoint-logs/amp/index.html]
[arindamchat.wordpress.com/2012/07/12/simple-dos-commands-to-move-sharepoint-logs/feed/index.html]
[arindamchat.wordpress.com/2011/12/06/sharepoint-2010-moving-your-changes-to-a-production-server/feed/index.html]
[arindamchat.files.wordpress.com/2011/04/02917-docset.png]
[arindamchat.wordpress.com/2011/12/06/sharepoint-2010-moving-your-changes-to-a-production-server/amp/index.html]
[arindamchat.files.wordpress.com/2011/04/02917-docsetc6eb.png]
[arindamchat.files.wordpress.com/2011/04/bb0de-docset2.png]
[arindamchat.wordpress.com/2011/04/26/sharepoint-2010-document-set-functionalities/feed/index.html]
[arindamchat.files.wordpress.com/2011/04/bb0de-docset2c6eb.png]
[arindamchat.wordpress.com/2011/04/26/sharepoint-2010-document-set-functionalities/index.html]
[arindamchat.wordpress.com/2011/04/26/sharepoint-2010-document-set-functionalities/amp/index.html]
[arindamchat.files.wordpress.com/2007/11/679a6-pic1-bmp.jpg]
[arindamchat.files.wordpress.com/2007/11/679a6-pic1-bmpc6eb.jpg]
[arindamchat.files.wordpress.com/2007/11/40436-pic2-bmp.jpg]
[arindamchat.wordpress.com/tag/documentset/index.html]
[arindamchat.files.wordpress.com/2007/11/40436-pic2-bmpc6eb.jpg]
[arindamchat.wordpress.com/2007/11/20/agile-methology/index.html]
[arindamchat.wordpress.com/2007/11/20/agile-methology/feed/index.html]
[arindamchat.files.wordpress.com/2007/11/cimg1444.jpg]
[arindamchat.wordpress.com/2007/11/20/agile-methology/amp/index.html]
[arindamchat.files.wordpress.com/2007/11/cimg1444723b.jpg]
[arindamchat.wordpress.com/2007/11/19/65/index.html]
[arindamchat.wordpress.com/2007/11/18/first-note-from-me/index.html]
[arindamchat.wordpress.com/ABCDEFGHIJKLMNOPQRSTUVWXYZabcdefghijklmnopqrstuvwxyz0123456789+/index.html]
[arindamchat.wordpress.com/2007/11/19/65/amp/index.html]
[arindamchat.wordpress.com/g.html]
[arindamchat.wordpress.com/c.html]
[arindamchat.wordpress.com/2007/11/19/65/feed/index.html]
[arindamchat.files.wordpress.com/2012/09/52130-8-bmp7c78.jpg]
[arindamchat.wordpress.com/2007/11/18/first-note-from-me/amp/index.html]
[arindamchat.wordpress.com/2007/11/18/first-note-from-me/feed/index.html]
[arindamchat.files.wordpress.com/2012/09/cf357-1-bmp.13bd209.delayed]
[pixel.wp.com/bbcee.gif]
[pixel.wp.com/be974.gif]
[arindamchat.wordpress.com/2012/09/03/troubleshooting-of-fast-search-configuration/amp/index.html]
[arindamchat.wordpress.com/2012/09/03/troubleshooting-of-fast-search-configuration/index9a7b.html]
[arindamchat.wordpress.com/2012/09/03/troubleshooting-of-fast-search-configuration/index5a58.html]
[arindamchat.wordpress.com/2012/09/03/troubleshooting-of-fast-search-configuration/index386f.html]
[arindamchat.wordpress.com/tag/fast/index.html]
[arindamchat.wordpress.com/tag/fast-search/index.html]
[arindamchat.wordpress.com/tag/sharepoint-2010/index.html]
[arindamchat.wordpress.com/tag/fast/feed/index.html]
[arindamchat.wordpress.com/tag/fast-search/feed/index.html]
[pixel.wp.com/b7b22.gif]
[arindamchat.wordpress.com/tag/sharepoint-2010/feed/index.html]
[pixel.wp.com/bf9c1.gif]
[arindamchat.wordpress.com/2014/07/17/sharepoint-debugging-assistant-free-visual-studio-20122013-add-in/amp/index.html]
[arindamchat.wordpress.com/2014/07/17/sharepoint-debugging-assistant-free-visual-studio-20122013-add-in/index9a7b.html]
[arindamchat.wordpress.com/2014/07/17/sharepoint-debugging-assistant-free-visual-studio-20122013-add-in/index5a58.html]
[arindamchat.wordpress.com/2014/07/17/sharepoint-debugging-assistant-free-visual-studio-20122013-add-in/index386f.html]
[arindamchat.wordpress.com/tag/sharepoint-2010/page/2/index.html]
[arindamchat.files.wordpress.com/2014/03/08ade-222d209.gif]
[cdn.ampproject.org/v0/amp-anim-0.1.js]
[pixel.wp.com/ba9ed.gif]
[pixel.wp.com/beb39.gif]
[arindamchat.wordpress.com/2014/03/01/create-sharepoint-custom-error-page-and-access-denied-page/amp/index.html]
[arindamchat.wordpress.com/2014/03/01/create-sharepoint-custom-error-page-and-access-denied-page/index9a7b.html]
[arindamchat.wordpress.com/2014/03/01/create-sharepoint-custom-error-page-and-access-denied-page/index5a58.html]
[arindamchat.wordpress.com/2014/03/01/create-sharepoint-custom-error-page-and-access-denied-page/index386f.html]
[arindamchat.wordpress.com/2014/03/01/create-sharepoint-custom-error-page-and-access-denied-page/indexe530.html]
[arindamchat.wordpress.com/2014/03/01/create-sharepoint-custom-error-page-and-access-denied-page/index0e22.html]
[arindamchat.files.wordpress.com/2014/02/7fd98-111d209.gif]
[pixel.wp.com/bacaf.gif]
[pixel.wp.com/bf34f.gif]
[arindamchat.wordpress.com/2014/02/15/sharepoint-library-with-tree-view/amp/index.html]
[arindamchat.wordpress.com/2014/02/15/sharepoint-library-with-tree-view/index9a7b.html]
[arindamchat.wordpress.com/2014/02/15/sharepoint-library-with-tree-view/index5a58.html]
[arindamchat.wordpress.com/2014/02/15/sharepoint-library-with-tree-view/index386f.html]
[arindamchat.wordpress.com/tag/treeview/index.html]
[pixel.wp.com/b2602.gif]
[arindamchat.wordpress.com/tag/treeview/feed/index.html]
[pixel.wp.com/b1551.gif]
[arindamchat.wordpress.com/2013/06/12/different-app-hosting-option-in-sharepoint-2013/amp/index.html]
[arindamchat.wordpress.com/2013/06/12/different-app-hosting-option-in-sharepoint-2013/index9a7b.html]
[arindamchat.wordpress.com/2013/06/12/different-app-hosting-option-in-sharepoint-2013/index5a58.html]
[arindamchat.wordpress.com/2013/06/12/different-app-hosting-option-in-sharepoint-2013/index386f.html]
[arindamchat.wordpress.com/category/sharepoint/page/3/index.html]
[pixel.wp.com/bb904.gif]
[arindamchat.wordpress.com/2013/03/22/new-sharepoint-2013-topology/amp/index.html]
[pixel.wp.com/bc6bb.gif]
[arindamchat.wordpress.com/2013/03/22/new-sharepoint-2013-topology/index9a7b.html]
[arindamchat.wordpress.com/2013/03/22/new-sharepoint-2013-topology/index5a58.html]
[arindamchat.wordpress.com/2013/03/22/new-sharepoint-2013-topology/index386f.html]
[pixel.wp.com/bf1a6.gif]
[pixel.wp.com/b2df0.gif]
[arindamchat.wordpress.com/2013/03/15/sharepoint-server-2013-march-update-is-out-and-its-an-important-one/amp/index.html]
[arindamchat.wordpress.com/2013/03/15/sharepoint-server-2013-march-update-is-out-and-its-an-important-one/index9a7b.html]
[arindamchat.wordpress.com/2013/03/15/sharepoint-server-2013-march-update-is-out-and-its-an-important-one/index5a58.html]
[arindamchat.wordpress.com/2013/03/15/sharepoint-server-2013-march-update-is-out-and-its-an-important-one/index386f.html]
[pixel.wp.com/badd4.gif]
[arindamchat.wordpress.com/2012/08/01/sharepoint-15/amp/index.html]
[pixel.wp.com/b2b43.gif]
[arindamchat.wordpress.com/2012/08/01/sharepoint-15/index9a7b.html]
[arindamchat.wordpress.com/2012/08/01/sharepoint-15/index5a58.html]
[arindamchat.wordpress.com/2012/08/01/sharepoint-15/index386f.html]
[pixel.wp.com/b9023.gif]
[pixel.wp.com/ba908.gif]
[arindamchat.wordpress.com/2013/03/15/microsoft-has-released-a-patch-for-critical-sharepoint-2010-vulnerability/amp/index.html]
[arindamchat.wordpress.com/2013/03/15/microsoft-has-released-a-patch-for-critical-sharepoint-2010-vulnerability/index9a7b.html]
[arindamchat.wordpress.com/2013/03/15/microsoft-has-released-a-patch-for-critical-sharepoint-2010-vulnerability/index5a58.html]
[arindamchat.wordpress.com/2013/03/15/microsoft-has-released-a-patch-for-critical-sharepoint-2010-vulnerability/index386f.html]
[arindamchat.files.wordpress.com/2013/03/0274d-12c6eb.jpg]
[arindamchat.files.wordpress.com/2013/03/b9733-1d209.jpg]
[pixel.wp.com/b9c5a.gif]
[pixel.wp.com/b8e4a.gif]
[arindamchat.wordpress.com/2013/03/08/oob-and-3rd-party-web-analytics-tools-for-sharepoint-2010/amp/index.html]
[arindamchat.wordpress.com/2013/03/08/oob-and-3rd-party-web-analytics-tools-for-sharepoint-2010/index9a7b.html]
[arindamchat.wordpress.com/2013/03/08/oob-and-3rd-party-web-analytics-tools-for-sharepoint-2010/index5a58.html]
[arindamchat.wordpress.com/2013/03/08/oob-and-3rd-party-web-analytics-tools-for-sharepoint-2010/index386f.html]
[arindamchat.wordpress.com/tag/sharepoint/index.html]
[arindamchat.wordpress.com/tag/sharepoint/feed/index.html]
[arindamchat.files.wordpress.com/2012/11/ef2db-2c6eb.jpg]
[arindamchat.files.wordpress.com/2012/11/df9cc-1d209.png]
[pixel.wp.com/b42e7.gif]
[arindamchat.wordpress.com/2012/11/06/how-to-create-multiple-user-profile-service-application-in-sharepoint-2010/amp/index.html]
[pixel.wp.com/b00cd.gif]
[arindamchat.wordpress.com/2012/11/06/how-to-create-multiple-user-profile-service-application-in-sharepoint-2010/index9a7b.html]
[arindamchat.wordpress.com/2012/11/06/how-to-create-multiple-user-profile-service-application-in-sharepoint-2010/index5a58.html]
[arindamchat.wordpress.com/2012/11/06/how-to-create-multiple-user-profile-service-application-in-sharepoint-2010/index386f.html]
[arindamchat.wordpress.com/tag/upsa/index.html]
[arindamchat.wordpress.com/tag/user-profile-service/index.html]
[arindamchat.wordpress.com/tag/upsa/feed/index.html]
[arindamchat.files.wordpress.com/2012/10/1451d-image3jpgc6eb.jpg]
[arindamchat.wordpress.com/tag/user-profile-service/feed/index.html]
[arindamchat.files.wordpress.com/2012/10/a5c0c-image1d209.jpg]
[pixel.wp.com/b8305.gif]
[pixel.wp.com/b02d7.gif]
[arindamchat.wordpress.com/2012/10/01/custom-claim-provider/amp/index.html]
[arindamchat.wordpress.com/2012/10/01/custom-claim-provider/index9a7b.html]
[arindamchat.wordpress.com/2012/10/01/custom-claim-provider/index5a58.html]
[arindamchat.wordpress.com/2012/10/01/custom-claim-provider/index386f.html]
[arindamchat.wordpress.com/tag/claims/index.html]
[arindamchat.wordpress.com/tag/custom-claim/index.html]
[arindamchat.wordpress.com/tag/sharepoint-claim/index.html]
[arindamchat.wordpress.com/2012/10/01/custom-claim-provider/indexae7e.html]
[arindamchat.wordpress.com/2012/10/01/custom-claim-provider/index6809.html]
[arindamchat.wordpress.com/author/arindach/page/3/index.html]
[arindamchat.wordpress.com/tag/claims/feed/index.html]
[arindamchat.wordpress.com/tag/sharepoint-claim/feed/index.html]
[arindamchat.wordpress.com/tag/custom-claim/feed/index.html]
[arindamchat.wordpress.com/author/arindach/page/4/index.html]
[arindamchat.files.wordpress.com/2013/06/0c922-1165c1.jpg]
[pixel.wp.com/b9aed.gif]
[pixel.wp.com/bdc10.gif]
[arindamchat.wordpress.com/2013/06/07/custom-search-solutions-for-sharepoint-2010-fulltextsqlquery/amp/index.html]
[arindamchat.wordpress.com/2013/06/07/custom-search-solutions-for-sharepoint-2010-fulltextsqlquery/index9a7b.html]
[arindamchat.wordpress.com/2013/06/07/custom-search-solutions-for-sharepoint-2010-fulltextsqlquery/index5a58.html]
[arindamchat.wordpress.com/2013/06/07/custom-search-solutions-for-sharepoint-2010-fulltextsqlquery/index386f.html]
[arindamchat.wordpress.com/page/4/index.html]
[pixel.wp.com/bd6a0.gif]
[arindamchat.wordpress.com/2012/07/12/simple-dos-commands-to-move-sharepoint-logs/amp/index.html]
[pixel.wp.com/bbc71.gif]
[arindamchat.wordpress.com/2012/07/12/simple-dos-commands-to-move-sharepoint-logs/index9a7b.html]
[arindamchat.wordpress.com/2012/07/12/simple-dos-commands-to-move-sharepoint-logs/index5a58.html]
[arindamchat.wordpress.com/2012/07/12/simple-dos-commands-to-move-sharepoint-logs/index386f.html]
[pixel.wp.com/b72c8.gif]
[pixel.wp.com/b2a25.gif]
[arindamchat.wordpress.com/2011/12/06/sharepoint-2010-moving-your-changes-to-a-production-server/amp/index.html]
[arindamchat.wordpress.com/2011/12/06/sharepoint-2010-moving-your-changes-to-a-production-server/index9a7b.html]
[arindamchat.wordpress.com/2011/12/06/sharepoint-2010-moving-your-changes-to-a-production-server/index5a58.html]
[arindamchat.wordpress.com/2011/12/06/sharepoint-2010-moving-your-changes-to-a-production-server/index386f.html]
[arindamchat.files.wordpress.com/2011/04/02917-docsetd209.png]
[pixel.wp.com/bf3bc.gif]
[pixel.wp.com/be703.gif]
[arindamchat.wordpress.com/2011/04/26/sharepoint-2010-document-set-functionalities/amp/index.html]
[arindamchat.wordpress.com/2011/04/26/sharepoint-2010-document-set-functionalities/index9a7b.html]
[arindamchat.wordpress.com/2011/04/26/sharepoint-2010-document-set-functionalities/index5a58.html]
[arindamchat.wordpress.com/2011/04/26/sharepoint-2010-document-set-functionalities/index386f.html]
[arindamchat.wordpress.com/tag/documentset/index.html]
[arindamchat.files.wordpress.com/2007/11/679a6-pic1-bmpd209.jpg]
[arindamchat.wordpress.com/tag/documentset/feed/index.html]
[pixel.wp.com/b41ff.gif]
[arindamchat.wordpress.com/2007/11/20/agile-methology/amp/index.html]
[pixel.wp.com/bb0c6.gif]
[arindamchat.wordpress.com/2007/11/20/agile-methology/index9a7b.html]
[arindamchat.wordpress.com/2007/11/20/agile-methology/index5a58.html]
[arindamchat.wordpress.com/2007/11/20/agile-methology/index386f.html]
[arindamchat.files.wordpress.com/2007/11/cimg144465c1.jpg]
[pixel.wp.com/b18d7.gif]
[pixel.wp.com/b35dd.gif]
[arindamchat.wordpress.com/2007/11/19/65/amp/index.html]
[arindamchat.wordpress.com/2007/11/19/65/index9a7b.html]
[arindamchat.wordpress.com/2007/11/19/65/index5a58.html]
[arindamchat.wordpress.com/2007/11/19/65/index386f.html]
[pixel.wp.com/bbcbf.gif]
[arindamchat.wordpress.com/2007/11/18/first-note-from-me/amp/index.html]
[pixel.wp.com/bf27d.gif]
[arindamchat.wordpress.com/2007/11/18/first-note-from-me/index9a7b.html]
[arindamchat.wordpress.com/2007/11/18/first-note-from-me/index5a58.html]
[arindamchat.wordpress.com/2007/11/18/first-note-from-me/index386f.html]
[arindamchat.wordpress.com/tag/sharepoint-2010/page/2/index.html]
[arindamchat.wordpress.com/author/arindach/page/4/index.html]
[servername/sites/arindamc/Subsite1/SiteAssets/angular.min.js]
[servername/sites/arindamc/Subsite1/SiteAssets/Page1.js]
[servername/sites/arindamc/Subsite1/SiteAssets/Page2.js]
[servername/sites/arindamc/Subsite1/SiteAssets/jquery-2.1.3.min.js]
[servername/sites/arindamc/Subsite1/SiteAssets/bootstrap.min.js]
[servername/sites/arindamc/Subsite1/SiteAssets/Page3.js]
[servername/sites/arindamc/Subsite1/SiteAssets/Page4.js]
[servername/sites/arindamc/Subsite1/SiteAssets/Page5.js]
[inbaghpc00156/sites/arindamc/Subsite1/SiteAssets/ChartApp/jquery-1.9.1.min.js]
[inbaghpc00156/sites/arindamc/Subsite1/SiteAssets/ChartApp/lib/angular/angular.js]
[inbaghpc00156/sites/arindamc/Subsite1/SiteAssets/ChartApp/lib/jqplot/jquery.jqplot.js]
[inbaghpc00156/sites/arindamc/Subsite1/SiteAssets/ChartApp/lib/jqplot/plugins/jqplot.pieRenderer.js]
[inbaghpc00156/sites/arindamc/Subsite1/SiteAssets/ChartApp/lib/jqplot/plugins/jqplot.barRenderer.min.js]
[inbaghpc00156/sites/arindamc/Subsite1/SiteAssets/ChartApp/lib/jqplot/plugins/jqplot.categoryAxisRenderer.min.js]
[inbaghpc00156/sites/arindamc/Subsite1/SiteAssets/ChartApp/lib/jqplot/plugins/jqplot.pointLabels.min.js]
[inbaghpc00156/sites/arindamc/Subsite1/SiteAssets/ChartApp/lib/chart.js]
[inbaghpc00156/sites/arindamc/Subsite1/SiteAssets/ChartApp/Common.js]
[inbaghpc00156/sites/arindamc/Subsite1/SiteAssets/ChartApp/App.js]
